// Jest Snapshot v1, https://goo.gl/fbAQLP

exports[`Skills component matches the snapshot 1`] = `
<ul
  className="skills"
/>
`;
